WEBVTT - https://subtitletools.com

STYLE
::cue {
  background-image: linear-gradient(to bottom, dimgray, lightgray);
  color: papayawhip;
}
/* Style blocks cannot use blank lines nor "dash dash greater than" */

NOTE comment blocks can be used between style blocks.

STYLE
::cue(b) {
  color: peachpuff;
}

00:00:04.160 --> 00:00:09.100
Hello everyone and welcome to an introduction to linear regression and this lecture we're going to get

00:00:11.100 --> 00:00:16.600 position:10%,line-left align:left size:35%
a light theoretical background history behind the idea of linear regression before we actually tackle

crédit de transcription
00:00:16.600 --> 00:00:20.270
the concept with Python and the sikat learn library.
This is the second line!!
